---
source: tui/src/status/tests.rs
expression: sanitized
---
/status

╭────────────────────────────────────────────────────────────────────────╮
│  >_ OpenAI Codex (v0.0.0)                                              │
│                                                                        │
│ 访问 https://chatgpt.com/codex/settings/usage 查看最新的               │
│ 速率限制和点数信息                                                     │
│                                                                        │
│  模型:           gpt-5.1-codex-max (推理强度 none, 推理摘要 auto)      │
│  目录:           /workspace/tests                                      │
│  权限:           自定义（工作区，可访问网络，请求审批）                │
│  Agents.md:      <none>                                                │
│                                                                        │
│  Token 用量:     1.2K 总计  (800 输入 + 400 输出)                      │
│  上下文窗口:     剩余 100% (1.2K 已使用 / 272K)                        │
│  Monthly 限制:   [██████████████████░░] 剩余 88% （5月7日 07:08 重置） │
╰────────────────────────────────────────────────────────────────────────╯
