---
source: tui/src/model_migration.rs
expression: terminal.backend()
---

> Codex 已升级，为你介绍 gpt-5.1-codex-max。

  Upgrade to gpt-5.2-codex for the latest and greatest
  agentic coding model.

  如果愿意，你也可以继续使用 gpt-5.1-codex-mini。

  选择 Codex 接下来的处理方式。

› 1. 试用新模型
  2. 继续使用现有模型

  使用 ↑/↓ 移动，按 enter 确认
