---
source: tui/src/model_migration.rs
expression: terminal.backend()
---

> Codex 已升级，为你介绍 gpt-5.1-codex-mini。

  建议从 gpt-5-codex-mini 切换到 gpt-5.1-codex-mini。

  Optimized for codex. Cheaper, faster, but less capable.
  如需详细了解 gpt-5.1-codex-mini，请访问
  https://www.codex.com/models/gpt-5.1-codex-mini

  按 enter 继续
