---
source: tui/src/app/tests.rs
expression: rendered
---
╭───────────────────────────────────────────╮
│ >_ OpenAI Codex (v<VERSION>)              │
│                                           │
│ 模型： gpt-5.4 xhigh   快速   /model 更改 │
│ 目录： /tmp/project                       │
╰───────────────────────────────────────────╯
