---
source: tui/src/resume_picker.rs
expression: "format!(\"---- loading fallback ----\\n{loading_snapshot}\\n---- repaired results ----\\n{repaired_snapshot}\")"
---
---- loading fallback ----
正在加载会话…
---- repaired results ----
❯ first store result
  1 天前        ⌁ 无工作目录                      无分支

  repaired store result
  1 天前        ⌁ 无工作目录                      无分支

  third store result
  1 天前        ⌁ 无工作目录                      无分支
