---
source: tui/src/resume_picker.rs
expression: "footer_snapshot(&state, 220, 20)"
---
───────────────────────────────────────────────────────────────────────────────────────────────────────────────────────────────────────────────────────────────────────────────────────────────────────────── 0 / 0 · 100% ─
 enter 恢复   esc 开始新会话   ctrl+c 退出   tab 聚焦排序/筛选   ←/→ 更改选项
 ctrl+o 紧凑视图   ctrl+t 对话记录   ctrl+e 展开   ↑/↓ 浏览
