---
source: tui/src/chatwidget/tests/computer_activity_tests.rs
expression: "outputs[0]"
---
Compact:
• 已操作电脑 · 2 个操作
  ├ Inspect page 1
  └ Inspect page 2

Expanded:
• 已调用 cua_repl.js({"title":"Inspect page 1","code":"await cua.getState()"})
  └ Full output for 1

• Inspecting action 1

• Checking action 1
• 已调用 cua_repl.js({"title":"Inspect page 2","code":"await cua.getState()"})
  └ Full output for 2

• Inspecting action 2

• Checking action 2

Raw:
• 已调用 cua_repl.js({"title":"Inspect page 1","code":"await cua.getState()"})
  └ Full output for 1
• 已调用 cua_repl.js({"title":"Inspect page 2","code":"await cua.getState()"})
  └ Full output for 2
