---
source: tui/src/bottom_pane/chat_composer/snapshot_tests.rs
expression: rows
---
                                                            
 voice ● listening                /voice mute   /voice stop 
                                                            
› Ask Codex to do anything                                  
                                                            
  ? 查 看 快 捷 键                              上 下 文 剩 余  100%
