---
source: tui/src/bottom_pane/chat_composer/sparkle_tests.rs
expression: "snapshots.join(\"\\n\\n\")"
---
gpt-6-astra
before disconnect:
                            ⠈     ⢀     ⠁                 ⠂
›⠁Ask Codex to do anything         ⠈      ⠁
       ⢀            ⠠     ⠄         ⠠          ⢀    ⠠     ⡀
  ? 查 看 快 捷 键                                                  上 下 文 剩 余  100%
after typing and erasing without rendering:

› Ask Codex to do anything

  ? 查 看 快 捷 键                                                  上 下 文 剩 余  100%

gpt-5.5
before disconnect:

› Ask Codex to do anything

  ? 查 看 快 捷 键                                                  上 下 文 剩 余  100%
after typing and erasing without rendering:

› Ask Codex to do anything

  ? 查 看 快 捷 键                                                  上 下 文 剩 余  100%
