---
source: tui/src/bottom_pane/chat_composer/sparkle_tests.rs
expression: "snapshots.join(\"\\n\\n\")"
---
accept:

› Ask Codex to do anything

  ? 查 看 快 捷 键                                                  上 下 文 剩 余  100%

escape:
                            ⠈     ⢀     ⠁                 ⠂
›⠁Ask Codex to do anything         ⠈      ⠁
       ⢀            ⠠     ⠄         ⠠          ⢀    ⠠     ⡀
  ? 查 看 快 捷 键                                                  上 下 文 剩 余  100%
