---
source: tui/src/bottom_pane/chat_composer/sparkle_tests.rs
expression: "snapshots.join(\"\\n\\n\")"
---
gpt-6-astra
searching with an explicit pasted query:

› history prompt

  reverse-i-search: history  enter accept · esc cancel
after canceling and erasing the slash:
                                        ⠁               ⡀   ⠄           ⠄   ⠄
› Ask Codex to do anything                                   ⠈
      ⠠                             ⠠        ⢀ ⢀     ⡀                         ⠄
  ? 查 看 快 捷 键                                                  上 下 文 剩 余  100%
after /model selects Astra:
                                        ⠁               ⡀   ⠄           ⠄   ⠄
› Ask Codex to do anything                                   ⠈
      ⠠                             ⠠        ⢀ ⢀     ⡀                         ⠄
  ? 查 看 快 捷 键                                                  上 下 文 剩 余  100%

gpt-5.5
searching with an explicit pasted query:

› history prompt

  reverse-i-search: history  enter accept · esc cancel
after canceling and erasing the slash:

› Ask Codex to do anything

  ? 查 看 快 捷 键                                                  上 下 文 剩 余  100%
after /model selects Astra:
                            ⠈     ⢀     ⠁                 ⠂
›⠁Ask Codex to do anything         ⠈      ⠁
       ⢀            ⠠     ⠄         ⠠          ⢀    ⠠     ⡀
  ? 查 看 快 捷 键                                                  上 下 文 剩 余  100%
