---
source: tui/src/bottom_pane/chat_composer/sparkle_tests.rs
expression: "format!(\"before fade:\\n{}\\nfading:\\n{}\\nfinished:\\n{}\", text(&last),\ntext(&fading), text(&finished))"
---
before fade:
⠁             ⠄          ⢀  ⠈           ⠁               ⡀ ⠂ ⠄
› Ask Codex to do anything   ⠈     ⠈ ⠂    ⠁                                ⠂
       ⢀⠐        ⠄        ⠄                    ⢀    ⠠ ⠄
  ? 查 看 快 捷 键                                                  上 下 文 剩 余  100%
fading:
⠁             ⠄          ⢀  ⠈           ⠁               ⡀ ⠂ ⠄
› Ask Codex to do anything   ⠈     ⠈ ⠂    ⠁
        ⠐        ⠄        ⠄                    ⢀    ⠠ ⠄
  ? 查 看 快 捷 键                                                  上 下 文 剩 余  100%
finished:

› Ask Codex to do anything

  ? 查 看 快 捷 键                                                  上 下 文 剩 余  100%
