---
source: tui/src/bottom_pane/chat_composer/snapshot_tests.rs
expression: rows
---
                                                            
› Explore the night sky                                     
                                                            
                                           上 下 文 剩 余  100%
