---
source: tui/tests/suite/focus_palette.rs
expression: failure.trim()
---
Error: daemon executable not found at [CODEX_HOME]/packages/app-server-daemon/current/bin/codex; repair the existing installation, or run `codex app-server daemon start` to install a missing daemon
如需在没有后台服务器的情况下工作，请使用 --no-daemon 重新运行同一命令（包括 resume 或 fork 及其参数）。
