---
source: tui/src/bottom_pane/mcp_server_elicitation.rs
expression: "render_snapshot(&overlay, Rect::new(0, 0, 120, 16))"
---
                                                                                                                        
  Field 1/1                                                                                                             
  Allow this request?                                                                                                   
  › 1. 允 许             运 行 工 具 并 继 续 。                                                                                  
    2. 本 次 会 话 中 允 许   运 行 工 具 ， 并 在 本 次 会 话 中 记 住 此 选 择 。                                                              
    3. 始 终 允 许         运 行 工 具 ， 并 为 今 后 的 工 具 调 用 记 住 此 选 择 。                                                          
    4. 取 消             取 消 此 工 具 调 用                                                                                    
                                                                                                                        
                                                                                                                        
                                                                                                                        
                                                                                                                        
                                                                                                                        
                                                                                                                        
                                                                                                                        
  enter to submit | esc to cancel
