---
source: tui/src/bottom_pane/chat_composer.rs
expression: terminal.backend()
---
"                                                            "
"› /ar                                                       "
"                                                            "
"                                                            "
"  /archive  归档当前会话                                    " Hidden by multi-width symbols: [(13, " "), (15, " "), (17, " "), (19, " "), (21, " "), (23, " ")]
