---
source: tui/src/bottom_pane/chat_composer.rs
expression: terminal.backend()
---
"                                                                                "
"› Ask Codex to do anything                                                      "
"                                                                                "
"                                                                                "
"                                                                                "
"                                                                                "
"                                                                                "
"                                                                                "
"  ← 查看智能体 · ? 查看快捷键                                  上下文剩余 100%  " Hidden by multi-width symbols: [(5, " "), (7, " "), (9, " "), (11, " "), (13, " "), (20, " "), (22, " "), (24, " "), (26, " "), (28, " "), (64, " "), (66, " "), (68, " "), (70, " "), (72, " ")]
