---
source: tui/src/bottom_pane/chat_composer.rs
expression: terminal.backend()
---
"                                        "
"› Ask Codex to do anything              "
"                                        "
"                                        "
"                                        "
"                                        "
"                                        "
"                                        "
"         上下文剩余 100% | Vim: Insert  " Hidden by multi-width symbols: [(10, " "), (12, " "), (14, " "), (16, " "), (18, " ")]
