---
source: tui/src/bottom_pane/status_line_setup.rs
expression: "render_lines(&view,\n100).lines().map(str::trim_end).collect::<Vec<_>>().join(\"\\n\")"
---

  配 置 状 态 栏
  选 择 要 在 状 态 栏 中 显 示 的 项 目 。

  输 入 以 搜 索
  >
› [x] 使 用 主 题 颜 色          应 用 当 前  /theme 的 颜 色
  ───────────────────────
  [x] 主 机 名                当 前 主 机 名 （ 不 可 用 时 省 略 ）
  [x] 当 前 目 录              当 前 工 作 目 录
  [ ] 模 型                  当 前 模 型 名 称
  [ ] 模 型 与 推 理 强 度        当 前 模 型 名 称 和 推 理 强 度
  [ ] 推 理 强 度              当 前 推 理 强 度
  [ ] 项 目                  项 目 名 称 （ 不 可 用 时 省 略 ）

  ssh-build-01.example.com · ~/codex-rs
  按  space 切 换 ; ←/→ 移 动 ; enter 确 认 并 关 闭 ; esc 关 闭
