---
source: tui/src/chatwidget/tests/popups_and_settings.rs
expression: strip_osc8_for_snapshot(&popup)
---
  插 件
  Docs · 可 安 装  · 本 地
  与 此 应 用 共 享 的 数 据 受 其 服 务 条 款 和 隐 私 政 策 . 了 解 详 情 .
  Workspace docs.

› 1. 返 回 插 件 列 表   返 回 插 件 列 表 。
  2. 安 装 插 件       立 即 安 装 此 插 件 。
     来 源           本 地
     认 证           安 装 时 认 证
     版 本           远 程  7
     共 享           私 有  · 创 建 者  Test User · https://chatgpt.com/codex/plugins/share/docs
     技 能           No plugin skills.
     钩 子           No plugin hooks.

  按  esc 关 闭 。
