---
source: tui/src/chatwidget/tests/status_and_layout.rs
expression: "format!(\"before reveal:\\n{hidden}\\nrunning:\\n{running}\\ncompleted:\\n{}\",\nhook_status_frame(&chat, 80),)"
---
before reveal:
"                                                                                "
"                                                                                "
"› Ask Codex to do anything                                                      "
"                                                                                "
"  GPT-5.6-Sol 默认 · /tmp/project                                               " Hidden by multi-width symbols: [(15, " "), (17, " ")]
running:
"                                                                                "
"• 正在运行钩子                                                                  " Hidden by multi-width symbols: [(3, " "), (5, " "), (7, " "), (9, " "), (11, " "), (13, " ")]
"                                                                                "
"                                                                                "
"› Ask Codex to do anything                                                      "
"                                                                                "
"  GPT-5.6-Sol 默认 · /tmp/project                                               " Hidden by multi-width symbols: [(15, " "), (17, " ")]
completed:
"                                                                                "
"                                                                                "
"› Ask Codex to do anything                                                      "
"                                                                                "
"  GPT-5.6-Sol 默认 · /tmp/project                                               " Hidden by multi-width symbols: [(15, " "), (17, " ")]
