---
source: tui/src/chatwidget/tests/status_and_layout.rs
expression: normalized_backend_snapshot(terminal.backend())
---
"                                                                                "
"                                                                                "
"› Ask Codex to do anything                                                      "
"                                                                                "
"  GPT-5.4                                             目标已完成（2d 23h 42m）  " Hidden by multi-width symbols: [(55, " "), (57, " "), (59, " "), (61, " "), (63, " "), (65, " "), (77, " ")]
