---
source: tui/src/chatwidget/tests/side.rs
expression: normalized_backend_snapshot(terminal.backend())
---
"                                                                                "
"• Working (0s • esc to interrupt)                                               "
"                                                                                "
"                                                                                "
"› Ask Codex to do anything                                                      "
"                                                                                "
"  GPT-5.6-Sol 默认                                             正在启动旁路...  " Hidden by multi-width symbols: [(15, " "), (17, " "), (64, " "), (66, " "), (68, " "), (70, " "), (72, " "), (74, " ")]
