---
source: tui/src/chatwidget/tests/side.rs
expression: terminal.backend()
---
"                                                                                "
"                                                                                "
"› Ask a follow-up question                                                      "
"                                                                                "
"  旁路 from main thread · main needs input · ctrl + / to switch · ctrl + c to cl" Hidden by multi-width symbols: [(3, " "), (5, " ")]
