---
source: tui/src/onboarding/auth.rs
expression: contents
---
  请在浏览器中完成登录

  如果链接未自动打开，请打开以下链接进行身份
验证：

  https://auth.openai.com/oauth/authorize?re
sponse_type=code&client_id=app_EMoamEEZ73f0C
kXaXp7hrann&redirect_uri=http%3A%2F%2Flocalh
ost%3A1455%2Fauth%2Fcallback&scope=openid%20
profile%20email%20offline_access%20api.conne
ctors.read%20api.connectors.invoke&code_chal
lenge=1YM3Z8QbrLbdt9C3eX3j7UQ4GmFRmKz4OeVYwD
6s5xA&code_challenge_method=S256&id_token_ad
d_organizations=true&codex_cli_simplified_fl
ow=true&state=8cHjQ4nVx2Yp7Lm9Rk3Wf6Ta1Bs5Du
0Ei4Go7Nz2PqM&originator=codex_cli_rs

  正在使用远程或无头设备？按
esc，然后选择使用设备代码登录。

  按 esc 取消
