---
source: tui/src/history_cell/mcp_tests.rs
expression: rendered
---
/mcp

🔌  MCP 工具

  • auth: 需要身份验证（0 个工具）
  • cancelled: 已取消（0 个工具）
  • connected-empty: 已连接（0 个工具）
  • deferred: 未启动（0 个工具）
  • disabled: 已停用（0 个工具）
  • failed: 失败（0 个工具）
  • starting: 正在启动（0 个工具）
  • unknown: 未知（0 个工具）

  使用 /mcp verbose 查看工具和资源。
